{
  "pass": true,
  "config": {
    "python": "3.12.14 (main, Sep  2 2026, 23:27:36) [GCC 15.3.0]",
    "torch": "2.11.0+cu128",
    "cuda": "12.8",
    "gpu": "NVIDIA GeForce RTX 5070 Ti Laptop GPU",
    "capability": [
      12,
      0
    ],
    "network_sha256": "e50ef554ec6eaf38b3b4bd5e42033eda5c2d353ceeb9ab3a3e7618a28fbbde8a",
    "v1_weights_sha256": "0398c6d13983bc9820dd60fcd00c2e8b655e7a78d4cd7572fa6b4a42b9064879",
    "seed": 20260909,
    "batch_size": 16,
    "workers": 0,
    "precision": "FP32; TF32 disabled",
    "epochs_authorized_this_run": 1
  },
  "dataset_batch_shape": [
    16,
    3,
    224,
    224
  ],
  "forward_loss": 8.961352348327637,
  "nonzero_gradient_tensors": 72,
  "gradient_norms": {
    "features.0.0.weight": 2.803297996520996,
    "features.0.1.weight": 1.7446343898773193,
    "features.0.1.bias": 1.343151569366455,
    "features.1.exp_conv.0.weight": 5.619010925292969,
    "features.1.exp_conv.1.weight": 1.3579039573669434,
    "features.1.exp_conv.1.bias": 1.1550729274749756,
    "features.1.dw_conv.0.weight": 7.495693683624268,
    "features.1.dw_conv.1.weight": 0.7927936315536499,
    "features.1.dw_conv.1.bias": 0.5757713913917542,
    "features.1.pw_conv.0.weight": 2.1830644607543945,
    "features.1.pw_conv.1.weight": 0.7995094656944275,
    "features.1.pw_conv.1.bias": 0.6063658595085144,
    "features.2.exp_conv.0.weight": 2.1335666179656982,
    "features.2.exp_conv.1.weight": 0.8073921203613281,
    "features.2.exp_conv.1.bias": 0.6576170325279236,
    "features.2.dw_conv.0.weight": 4.741854190826416,
    "features.2.dw_conv.1.weight": 0.7414642572402954,
    "features.2.dw_conv.1.bias": 0.6139370203018188,
    "features.2.pw_conv.0.weight": 2.2050256729125977,
    "features.2.pw_conv.1.weight": 0.7956477999687195,
    "features.2.pw_conv.1.bias": 0.41825756430625916,
    "features.3.exp_conv.0.weight": 2.214599370956421,
    "features.3.exp_conv.1.weight": 0.7124688625335693,
    "features.3.exp_conv.1.bias": 1.0015000104904175,
    "features.3.dw_conv.0.weight": 2.6965208053588867,
    "features.3.dw_conv.1.weight": 0.9795129299163818,
    "features.3.dw_conv.1.bias": 0.6396380066871643,
    "features.3.pw_conv.0.weight": 2.88424015045166,
    "features.3.pw_conv.1.weight": 0.8614488840103149,
    "features.3.pw_conv.1.bias": 0.6437585353851318,
    "features.4.exp_conv.0.weight": 2.8210861682891846,
    "features.4.exp_conv.1.weight": 0.5935324430465698,
    "features.4.exp_conv.1.bias": 0.36378738284111023,
    "features.4.dw_conv.0.weight": 2.2464654445648193,
    "features.4.dw_conv.1.weight": 0.8782556056976318,
    "features.4.dw_conv.1.bias": 0.45785006880760193,
    "features.4.pw_conv.0.weight": 3.0094547271728516,
    "features.4.pw_conv.1.weight": 0.8869315385818481,
    "features.4.pw_conv.1.bias": 0.5159551501274109,
    "features.5.exp_conv.0.weight": 3.222170352935791,
    "features.5.exp_conv.1.weight": 0.5561626553535461,
    "features.5.exp_conv.1.bias": 0.3725505471229553,
    "features.5.dw_conv.0.weight": 2.8607516288757324,
    "features.5.dw_conv.1.weight": 0.9484485387802124,
    "features.5.dw_conv.1.bias": 0.5853894948959351,
    "features.5.pw_conv.0.weight": 3.382274866104126,
    "features.5.pw_conv.1.weight": 0.8271908164024353,
    "features.5.pw_conv.1.bias": 0.5442860722541809,
    "features.6.exp_conv.0.weight": 2.708510637283325,
    "features.6.exp_conv.1.weight": 0.33095264434814453,
    "features.6.exp_conv.1.bias": 0.3293168842792511,
    "features.6.dw_conv.0.weight": 1.7186487913131714,
    "features.6.dw_conv.1.weight": 0.8834108114242554,
    "features.6.dw_conv.1.bias": 0.38056936860084534,
    "features.6.pw_conv.0.weight": 2.705756425857544,
    "features.6.pw_conv.1.weight": 1.0893549919128418,
    "features.6.pw_conv.1.bias": 0.4759105443954468,
    "features.7.exp_conv.0.weight": 2.6168172359466553,
    "features.7.exp_conv.1.weight": 0.6080232262611389,
    "features.7.exp_conv.1.bias": 0.33506402373313904,
    "features.7.dw_conv.0.weight": 1.2908598184585571,
    "features.7.dw_conv.1.weight": 1.304063081741333,
    "features.7.dw_conv.1.bias": 0.4987565577030182,
    "features.7.pw_conv.0.weight": 1.92826509475708,
    "features.7.pw_conv.1.weight": 0.6151934266090393,
    "features.7.pw_conv.1.bias": 0.9288066625595093,
    "fc_yaw.weight": 1.7496368885040283,
    "fc_yaw.bias": 0.2902064621448517,
    "fc_pitch.weight": 1.5092101097106934,
    "fc_pitch.bias": 0.18190087378025055,
    "fc_roll.weight": 1.2647608518600464,
    "fc_roll.bias": 0.18357160687446594
  },
  "v1_torch_onnx_max_abs_error_degrees": 3.4332275390625e-05,
  "resources": {
    "process_peak_rss_bytes": 1824354304,
    "system_total_ram_bytes": 8023367680,
    "system_used_peak_bytes": 3143434240,
    "system_available_min_bytes": 4879933440,
    "cuda_peak_allocated_bytes": 389642240,
    "cuda_peak_reserved_bytes": 465567744
  },
  "elapsed_seconds": 1.6309432340058265,
  "optimizer_steps": 0,
  "note": "Training-mode forward/backward checked; model discarded, no optimization or retained BN change."
}
